Archive member included because of file (symbol)

d:/eclipsearm/eclipsearm/sourcery-g++-lite-arm-2011.03/bin/../lib/gcc/arm-none-eabi/4.5.2\libgcc.a(_divsi3.o)
                              ./src/utils.o (__aeabi_idiv)
d:/eclipsearm/eclipsearm/sourcery-g++-lite-arm-2011.03/bin/../lib/gcc/arm-none-eabi/4.5.2\libgcc.a(_dvmd_tls.o)
                              d:/eclipsearm/eclipsearm/sourcery-g++-lite-arm-2011.03/bin/../lib/gcc/arm-none-eabi/4.5.2\libgcc.a(_divsi3.o) (__aeabi_idiv0)

Memory Configuration

Name             Origin             Length             Attributes
*default*        0x00000000         0xffffffff

Linker script and memory map

LOAD ./src/D8Led.o
LOAD ./src/button.o
LOAD ./src/gpio.o
LOAD ./src/init.o
LOAD ./src/leds.o
LOAD ./src/main.o
LOAD ./src/utils.o
START GROUP
LOAD d:/eclipsearm/eclipsearm/sourcery-g++-lite-arm-2011.03/bin/../lib/gcc/arm-none-eabi/4.5.2\libgcc.a
LOAD d:/eclipsearm/eclipsearm/sourcery-g++-lite-arm-2011.03/bin/../lib/gcc/arm-none-eabi/4.5.2/../../../../arm-none-eabi/lib\libc.a
END GROUP
                0x0c100000                . = 0xc100000

.data           0x0c100000       0x7c
 *(.data*)
 .data          0x0c100000       0x60 ./src/D8Led.o
 .data          0x0c100060        0x0 ./src/button.o
 .data          0x0c100060        0x0 ./src/gpio.o
 .data          0x0c100060        0x0 ./src/init.o
 .data          0x0c100060        0x0 ./src/leds.o
 .data          0x0c100060       0x18 ./src/main.o
 .data          0x0c100078        0x4 ./src/utils.o
 .data          0x0c10007c        0x0 d:/eclipsearm/eclipsearm/sourcery-g++-lite-arm-2011.03/bin/../lib/gcc/arm-none-eabi/4.5.2\libgcc.a(_divsi3.o)
 .data          0x0c10007c        0x0 d:/eclipsearm/eclipsearm/sourcery-g++-lite-arm-2011.03/bin/../lib/gcc/arm-none-eabi/4.5.2\libgcc.a(_dvmd_tls.o)
 *(.rodata*)
                0x0c10007c                Image_ZI_Base = .

.bss            0x0c10007c        0x4
 *(.bss*)
 .bss           0x0c10007c        0x0 ./src/D8Led.o
 .bss           0x0c10007c        0x0 ./src/button.o
 .bss           0x0c10007c        0x0 ./src/gpio.o
 .bss           0x0c10007c        0x0 ./src/init.o
 .bss           0x0c10007c        0x4 ./src/leds.o
 .bss           0x0c100080        0x0 ./src/main.o
 .bss           0x0c100080        0x0 ./src/utils.o
 .bss           0x0c100080        0x0 d:/eclipsearm/eclipsearm/sourcery-g++-lite-arm-2011.03/bin/../lib/gcc/arm-none-eabi/4.5.2\libgcc.a(_divsi3.o)
 .bss           0x0c100080        0x0 d:/eclipsearm/eclipsearm/sourcery-g++-lite-arm-2011.03/bin/../lib/gcc/arm-none-eabi/4.5.2\libgcc.a(_dvmd_tls.o)
 *(COMMON)
                0x0c100080                Image_ZI_Limit = .

.text           0x0c100080      0xf50
 *(.text*)
 .text          0x0c100080       0xdc ./src/D8Led.o
                0x0c100080                D8Led_init
                0x0c1000a4                D8Led_segment
                0x0c100100                D8Led_digit
 .text          0x0c10015c       0x9c ./src/button.o
                0x0c10015c                read_button
 .text          0x0c1001f8      0x588 ./src/gpio.o
                0x0c1001f8                portB_conf
                0x0c1002c0                portB_write
                0x0c10037c                portG_conf
                0x0c1004b8                portG_eint_trig
                0x0c1004e8                portG_write
                0x0c1005e8                portG_read
                0x0c1006b8                portG_conf_pup
 .text          0x0c100780       0xd0 ./src/init.o
                0x0c100780                start
 .text          0x0c100850      0x298 ./src/leds.o
                0x0c100850                leds_init
                0x0c100894                led1_on
                0x0c1008d4                led1_off
                0x0c100914                led2_on
                0x0c100954                led2_off
                0x0c100994                led1_switch
                0x0c1009d4                led2_switch
                0x0c100a14                leds_switch
                0x0c100a54                leds_display
 .text          0x0c100ae8      0x264 ./src/main.o
                0x0c100ae8                setup
                0x0c100b5c                loop
                0x0c100d34                main
 .text          0x0c100d4c      0x138 ./src/utils.o
                0x0c100d4c                Delay
 .text          0x0c100e84      0x148 d:/eclipsearm/eclipsearm/sourcery-g++-lite-arm-2011.03/bin/../lib/gcc/arm-none-eabi/4.5.2\libgcc.a(_divsi3.o)
                0x0c100e84                __divsi3
                0x0c100e84                __aeabi_idiv
                0x0c100fac                __aeabi_idivmod
 .text          0x0c100fcc        0x4 d:/eclipsearm/eclipsearm/sourcery-g++-lite-arm-2011.03/bin/../lib/gcc/arm-none-eabi/4.5.2\libgcc.a(_dvmd_tls.o)
                0x0c100fcc                __aeabi_idiv0
                0x0c100fcc                __aeabi_ldiv0
                0x0c100fd0                PROVIDE (end, .)
START GROUP
LOAD d:/eclipsearm/eclipsearm/sourcery-g++-lite-arm-2011.03/bin/../lib/gcc/arm-none-eabi/4.5.2\libgcc.a
LOAD d:/eclipsearm/eclipsearm/sourcery-g++-lite-arm-2011.03/bin/../lib/gcc/arm-none-eabi/4.5.2/../../../../arm-none-eabi/lib\libg.a
LOAD d:/eclipsearm/eclipsearm/sourcery-g++-lite-arm-2011.03/bin/../lib/gcc/arm-none-eabi/4.5.2/../../../../arm-none-eabi/lib\libc.a
LOAD d:/eclipsearm/eclipsearm/sourcery-g++-lite-arm-2011.03/bin/../lib/gcc/arm-none-eabi/4.5.2/../../../../arm-none-eabi/lib\libm.a
LOAD d:/eclipsearm/eclipsearm/sourcery-g++-lite-arm-2011.03/bin/../lib/gcc/arm-none-eabi/4.5.2/../../../../arm-none-eabi/lib\libnosys.a
END GROUP
OUTPUT(P2.elf elf32-littlearm)

.glue_7         0x0c100fd0        0x0
 .glue_7        0x00000000        0x0 linker stubs

.glue_7t        0x0c100fd0        0x0
 .glue_7t       0x00000000        0x0 linker stubs

.vfp11_veneer   0x0c100fd0        0x0
 .vfp11_veneer  0x00000000        0x0 linker stubs

.v4_bx          0x0c100fd0        0x0
 .v4_bx         0x00000000        0x0 linker stubs

.debug_abbrev   0x00000000      0x37c
 .debug_abbrev  0x00000000       0x88 ./src/D8Led.o
 .debug_abbrev  0x00000088       0x79 ./src/button.o
 .debug_abbrev  0x00000101       0xb7 ./src/gpio.o
 .debug_abbrev  0x000001b8       0x14 ./src/init.o
 .debug_abbrev  0x000001cc       0x8c ./src/leds.o
 .debug_abbrev  0x00000258       0xbf ./src/main.o
 .debug_abbrev  0x00000317       0x65 ./src/utils.o

.debug_info     0x00000000      0x797
 .debug_info    0x00000000       0xdf ./src/D8Led.o
 .debug_info    0x000000df       0x84 ./src/button.o
 .debug_info    0x00000163      0x283 ./src/gpio.o
 .debug_info    0x000003e6       0x58 ./src/init.o
 .debug_info    0x0000043e      0x150 ./src/leds.o
 .debug_info    0x0000058e      0x185 ./src/main.o
 .debug_info    0x00000713       0x84 ./src/utils.o

.debug_line     0x00000000      0x691
 .debug_line    0x00000000       0x6d ./src/D8Led.o
 .debug_line    0x0000006d       0x80 ./src/button.o
 .debug_line    0x000000ed       0xd5 ./src/gpio.o
 .debug_line    0x000001c2       0x67 ./src/init.o
 .debug_line    0x00000229       0x83 ./src/leds.o
 .debug_line    0x000002ac      0x379 ./src/main.o
 .debug_line    0x00000625       0x6c ./src/utils.o

.debug_macinfo  0x00000000    0x1f6d4
 .debug_macinfo
                0x00000000     0x50a4 ./src/D8Led.o
 .debug_macinfo
                0x000050a4     0x4c24 ./src/button.o
 .debug_macinfo
                0x00009cc8     0x4bcb ./src/gpio.o
 .debug_macinfo
                0x0000e893     0x4c0e ./src/leds.o
 .debug_macinfo
                0x000134a1     0x7667 ./src/main.o
 .debug_macinfo
                0x0001ab08     0x4bcc ./src/utils.o

.debug_loc      0x00000000      0x420
 .debug_loc     0x00000000       0x84 ./src/D8Led.o
 .debug_loc     0x00000084       0x2c ./src/button.o
 .debug_loc     0x000000b0      0x134 ./src/gpio.o
 .debug_loc     0x000001e4      0x18c ./src/leds.o
 .debug_loc     0x00000370       0x84 ./src/main.o
 .debug_loc     0x000003f4       0x2c ./src/utils.o

.debug_pubnames
                0x00000000      0x1c8
 .debug_pubnames
                0x00000000       0x43 ./src/D8Led.o
 .debug_pubnames
                0x00000043       0x22 ./src/button.o
 .debug_pubnames
                0x00000065       0x86 ./src/gpio.o
 .debug_pubnames
                0x000000eb       0x93 ./src/leds.o
 .debug_pubnames
                0x0000017e       0x2e ./src/main.o
 .debug_pubnames
                0x000001ac       0x1c ./src/utils.o

.debug_pubtypes
                0x00000000       0xe7
 .debug_pubtypes
                0x00000000       0x12 ./src/D8Led.o
 .debug_pubtypes
                0x00000012       0x1e ./src/button.o
 .debug_pubtypes
                0x00000030       0x43 ./src/gpio.o
 .debug_pubtypes
                0x00000073       0x2c ./src/leds.o
 .debug_pubtypes
                0x0000009f       0x36 ./src/main.o
 .debug_pubtypes
                0x000000d5       0x12 ./src/utils.o

.debug_aranges  0x00000000       0xe0
 .debug_aranges
                0x00000000       0x20 ./src/D8Led.o
 .debug_aranges
                0x00000020       0x20 ./src/button.o
 .debug_aranges
                0x00000040       0x20 ./src/gpio.o
 .debug_aranges
                0x00000060       0x20 ./src/init.o
 .debug_aranges
                0x00000080       0x20 ./src/leds.o
 .debug_aranges
                0x000000a0       0x20 ./src/main.o
 .debug_aranges
                0x000000c0       0x20 ./src/utils.o

.debug_str      0x00000000      0x2b3
 .debug_str     0x00000000       0x77 ./src/D8Led.o
                                 0x84 (size before relaxing)
 .debug_str     0x00000077       0x2c ./src/button.o
                                 0x6b (size before relaxing)
 .debug_str     0x000000a3       0xc6 ./src/gpio.o
                                0x10a (size before relaxing)
 .debug_str     0x00000169       0x77 ./src/leds.o
                                 0xe8 (size before relaxing)
 .debug_str     0x000001e0       0xa3 ./src/main.o
                                0x14a (size before relaxing)
 .debug_str     0x00000283       0x30 ./src/utils.o
                                 0x5d (size before relaxing)

.comment        0x00000000       0x2a
 .comment       0x00000000       0x2a ./src/D8Led.o
                                 0x2b (size before relaxing)
 .comment       0x00000000       0x2b ./src/button.o
 .comment       0x00000000       0x2b ./src/gpio.o
 .comment       0x00000000       0x2b ./src/leds.o
 .comment       0x00000000       0x2b ./src/main.o
 .comment       0x00000000       0x2b ./src/utils.o

.ARM.attributes
                0x00000000       0x30
 .ARM.attributes
                0x00000000       0x32 ./src/D8Led.o
 .ARM.attributes
                0x00000032       0x32 ./src/button.o
 .ARM.attributes
                0x00000064       0x32 ./src/gpio.o
 .ARM.attributes
                0x00000096       0x22 ./src/init.o
 .ARM.attributes
                0x000000b8       0x32 ./src/leds.o
 .ARM.attributes
                0x000000ea       0x32 ./src/main.o
 .ARM.attributes
                0x0000011c       0x32 ./src/utils.o
 .ARM.attributes
                0x0000014e       0x1a d:/eclipsearm/eclipsearm/sourcery-g++-lite-arm-2011.03/bin/../lib/gcc/arm-none-eabi/4.5.2\libgcc.a(_divsi3.o)
 .ARM.attributes
                0x00000168       0x18 d:/eclipsearm/eclipsearm/sourcery-g++-lite-arm-2011.03/bin/../lib/gcc/arm-none-eabi/4.5.2\libgcc.a(_dvmd_tls.o)

.debug_frame    0x00000000      0x380
 .debug_frame   0x00000000       0x70 ./src/D8Led.o
 .debug_frame   0x00000070       0x30 ./src/button.o
 .debug_frame   0x000000a0       0xf0 ./src/gpio.o
 .debug_frame   0x00000190      0x130 ./src/leds.o
 .debug_frame   0x000002c0       0x70 ./src/main.o
 .debug_frame   0x00000330       0x30 ./src/utils.o
 .debug_frame   0x00000360       0x20 d:/eclipsearm/eclipsearm/sourcery-g++-lite-arm-2011.03/bin/../lib/gcc/arm-none-eabi/4.5.2\libgcc.a(_divsi3.o)
