Archive member included because of file (symbol)

d:/eclipsearm/eclipsearm/sourcery-g++-lite-arm-2011.03/bin/../lib/gcc/arm-none-eabi/4.5.2\libgcc.a(_divsi3.o)
                              ./src/utils.o (__aeabi_idiv)
d:/eclipsearm/eclipsearm/sourcery-g++-lite-arm-2011.03/bin/../lib/gcc/arm-none-eabi/4.5.2\libgcc.a(_dvmd_tls.o)
                              d:/eclipsearm/eclipsearm/sourcery-g++-lite-arm-2011.03/bin/../lib/gcc/arm-none-eabi/4.5.2\libgcc.a(_divsi3.o) (__aeabi_idiv0)

Memory Configuration

Name             Origin             Length             Attributes
*default*        0x00000000         0xffffffff

Linker script and memory map

LOAD ./src/D8Led.o
LOAD ./src/button.o
LOAD ./src/gpio.o
LOAD ./src/init.o
LOAD ./src/intcontroller.o
LOAD ./src/keyboard.o
LOAD ./src/leds.o
LOAD ./src/main.o
LOAD ./src/timer.o
LOAD ./src/utils.o
START GROUP
LOAD d:/eclipsearm/eclipsearm/sourcery-g++-lite-arm-2011.03/bin/../lib/gcc/arm-none-eabi/4.5.2\libgcc.a
LOAD d:/eclipsearm/eclipsearm/sourcery-g++-lite-arm-2011.03/bin/../lib/gcc/arm-none-eabi/4.5.2/../../../../arm-none-eabi/lib\libc.a
END GROUP
                0x0c100000                . = 0xc100000

.data           0x0c100000       0xcc
 *(.data*)
 .data          0x0c100000       0x60 ./src/D8Led.o
 .data          0x0c100060        0x0 ./src/button.o
 .data          0x0c100060        0x0 ./src/gpio.o
 .data          0x0c100060        0x0 ./src/init.o
 .data          0x0c100060        0x0 ./src/intcontroller.o
 .data          0x0c100060        0x4 ./src/keyboard.o
 .data          0x0c100064        0x0 ./src/leds.o
 .data          0x0c100064       0x14 ./src/main.o
 .data          0x0c100078        0x0 ./src/timer.o
 .data          0x0c100078        0x4 ./src/utils.o
 .data          0x0c10007c        0x0 d:/eclipsearm/eclipsearm/sourcery-g++-lite-arm-2011.03/bin/../lib/gcc/arm-none-eabi/4.5.2\libgcc.a(_divsi3.o)
 .data          0x0c10007c        0x0 d:/eclipsearm/eclipsearm/sourcery-g++-lite-arm-2011.03/bin/../lib/gcc/arm-none-eabi/4.5.2\libgcc.a(_dvmd_tls.o)
 *(.rodata*)
 .rodata        0x0c10007c       0x50 ./src/keyboard.o
                0x0c1000cc                Image_ZI_Base = .

.bss            0x0c1000cc        0x4
 *(.bss*)
 .bss           0x0c1000cc        0x0 ./src/D8Led.o
 .bss           0x0c1000cc        0x0 ./src/button.o
 .bss           0x0c1000cc        0x0 ./src/gpio.o
 .bss           0x0c1000cc        0x0 ./src/init.o
 .bss           0x0c1000cc        0x0 ./src/intcontroller.o
 .bss           0x0c1000cc        0x0 ./src/keyboard.o
 .bss           0x0c1000cc        0x4 ./src/leds.o
 .bss           0x0c1000d0        0x0 ./src/main.o
 .bss           0x0c1000d0        0x0 ./src/timer.o
 .bss           0x0c1000d0        0x0 ./src/utils.o
 .bss           0x0c1000d0        0x0 d:/eclipsearm/eclipsearm/sourcery-g++-lite-arm-2011.03/bin/../lib/gcc/arm-none-eabi/4.5.2\libgcc.a(_divsi3.o)
 .bss           0x0c1000d0        0x0 d:/eclipsearm/eclipsearm/sourcery-g++-lite-arm-2011.03/bin/../lib/gcc/arm-none-eabi/4.5.2\libgcc.a(_dvmd_tls.o)
 *(COMMON)
                0x0c1000d0                Image_ZI_Limit = .

.text           0x0c1000d0     0x1d3c
 *(.text*)
 .text          0x0c1000d0       0xdc ./src/D8Led.o
                0x0c1000d0                D8Led_init
                0x0c1000f4                D8Led_segment
                0x0c100150                D8Led_digit
 .text          0x0c1001ac       0x9c ./src/button.o
                0x0c1001ac                read_button
 .text          0x0c100248      0x720 ./src/gpio.o
                0x0c100248                portB_conf
                0x0c100310                portB_write
                0x0c1003cc                portG_conf
                0x0c100508                portG_eint_trig
                0x0c1006dc                portG_write
                0x0c1007dc                portG_read
                0x0c1008a0                portG_conf_pup
 .text          0x0c100968      0x100 ./src/init.o
                0x0c100968                start
 .text          0x0c100a68      0x3d4 ./src/intcontroller.o
                0x0c100a68                ic_init
                0x0c100aac                ic_conf_irq
                0x0c100b74                ic_conf_fiq
                0x0c100be8                ic_conf_line
                0x0c100cb8                ic_enable
                0x0c100d20                ic_disable
                0x0c100d84                ic_cleanflag
 .text          0x0c100e3c       0xd4 ./src/keyboard.o
                0x0c100e3c                kb_scan
 .text          0x0c100f10      0x298 ./src/leds.o
                0x0c100f10                leds_init
                0x0c100f54                led1_on
                0x0c100f94                led1_off
                0x0c100fd4                led2_on
                0x0c101014                led2_off
                0x0c101054                led1_switch
                0x0c101094                led2_switch
                0x0c1010d4                leds_switch
                0x0c101114                leds_display
 .text          0x0c1011a8      0x3b8 ./src/main.o
                0x0c1011a8                timer_ISR
                0x0c101250                button_ISR
                0x0c101378                keyboard_ISR
                0x0c1013e4                setup
                0x0c101528                loop
                0x0c101548                main
 .text          0x0c101560      0x628 ./src/timer.o
                0x0c101560                tmr_set_prescaler
                0x0c10160c                tmr_set_divider
                0x0c101720                tmr_set_count
                0x0c101854                tmr_update
                0x0c101900                tmr_set_mode
                0x0c1019e4                tmr_start
                0x0c101a6c                tmr_stop
                0x0c101af8                tmr_isrunning
 .text          0x0c101b88      0x138 ./src/utils.o
                0x0c101b88                Delay
 .text          0x0c101cc0      0x148 d:/eclipsearm/eclipsearm/sourcery-g++-lite-arm-2011.03/bin/../lib/gcc/arm-none-eabi/4.5.2\libgcc.a(_divsi3.o)
                0x0c101cc0                __divsi3
                0x0c101cc0                __aeabi_idiv
                0x0c101de8                __aeabi_idivmod
 .text          0x0c101e08        0x4 d:/eclipsearm/eclipsearm/sourcery-g++-lite-arm-2011.03/bin/../lib/gcc/arm-none-eabi/4.5.2\libgcc.a(_dvmd_tls.o)
                0x0c101e08                __aeabi_idiv0
                0x0c101e08                __aeabi_ldiv0
                0x0c101e0c                PROVIDE (end, .)
START GROUP
LOAD d:/eclipsearm/eclipsearm/sourcery-g++-lite-arm-2011.03/bin/../lib/gcc/arm-none-eabi/4.5.2\libgcc.a
LOAD d:/eclipsearm/eclipsearm/sourcery-g++-lite-arm-2011.03/bin/../lib/gcc/arm-none-eabi/4.5.2/../../../../arm-none-eabi/lib\libg.a
LOAD d:/eclipsearm/eclipsearm/sourcery-g++-lite-arm-2011.03/bin/../lib/gcc/arm-none-eabi/4.5.2/../../../../arm-none-eabi/lib\libc.a
LOAD d:/eclipsearm/eclipsearm/sourcery-g++-lite-arm-2011.03/bin/../lib/gcc/arm-none-eabi/4.5.2/../../../../arm-none-eabi/lib\libm.a
LOAD d:/eclipsearm/eclipsearm/sourcery-g++-lite-arm-2011.03/bin/../lib/gcc/arm-none-eabi/4.5.2/../../../../arm-none-eabi/lib\libnosys.a
END GROUP
OUTPUT(P3.elf elf32-littlearm)

.glue_7         0x0c101e0c        0x0
 .glue_7        0x00000000        0x0 linker stubs

.glue_7t        0x0c101e0c        0x0
 .glue_7t       0x00000000        0x0 linker stubs

.vfp11_veneer   0x0c101e0c        0x0
 .vfp11_veneer  0x00000000        0x0 linker stubs

.v4_bx          0x0c101e0c        0x0
 .v4_bx         0x00000000        0x0 linker stubs

.debug_abbrev   0x00000000      0x59f
 .debug_abbrev  0x00000000       0x88 ./src/D8Led.o
 .debug_abbrev  0x00000088       0x79 ./src/button.o
 .debug_abbrev  0x00000101       0xb7 ./src/gpio.o
 .debug_abbrev  0x000001b8       0x14 ./src/init.o
 .debug_abbrev  0x000001cc       0xdd ./src/intcontroller.o
 .debug_abbrev  0x000002a9       0x85 ./src/keyboard.o
 .debug_abbrev  0x0000032e       0x8c ./src/leds.o
 .debug_abbrev  0x000003ba       0xdb ./src/main.o
 .debug_abbrev  0x00000495       0xa5 ./src/timer.o
 .debug_abbrev  0x0000053a       0x65 ./src/utils.o

.debug_info     0x00000000      0xf9b
 .debug_info    0x00000000       0xdf ./src/D8Led.o
 .debug_info    0x000000df       0x84 ./src/button.o
 .debug_info    0x00000163      0x291 ./src/gpio.o
 .debug_info    0x000003f4       0x58 ./src/init.o
 .debug_info    0x0000044c      0x29e ./src/intcontroller.o
 .debug_info    0x000006ea       0xeb ./src/keyboard.o
 .debug_info    0x000007d5      0x150 ./src/leds.o
 .debug_info    0x00000925      0x314 ./src/main.o
 .debug_info    0x00000c39      0x2de ./src/timer.o
 .debug_info    0x00000f17       0x84 ./src/utils.o

.debug_line     0x00000000      0x902
 .debug_line    0x00000000       0x6b ./src/D8Led.o
 .debug_line    0x0000006b       0x7e ./src/button.o
 .debug_line    0x000000e9       0xf4 ./src/gpio.o
 .debug_line    0x000001dd       0x70 ./src/init.o
 .debug_line    0x0000024d       0xb2 ./src/intcontroller.o
 .debug_line    0x000002ff       0x70 ./src/keyboard.o
 .debug_line    0x0000036f       0x83 ./src/leds.o
 .debug_line    0x000003f2      0x3c6 ./src/main.o
 .debug_line    0x000007b8       0xde ./src/timer.o
 .debug_line    0x00000896       0x6c ./src/utils.o

.debug_macinfo  0x00000000    0x2daa2
 .debug_macinfo
                0x00000000     0x50a4 ./src/D8Led.o
 .debug_macinfo
                0x000050a4     0x4c12 ./src/button.o
 .debug_macinfo
                0x00009cb6     0x4bcb ./src/gpio.o
 .debug_macinfo
                0x0000e881     0x4bed ./src/intcontroller.o
 .debug_macinfo
                0x0001346e     0x4be5 ./src/keyboard.o
 .debug_macinfo
                0x00018053     0x4c0e ./src/leds.o
 .debug_macinfo
                0x0001cc61     0x76a9 ./src/main.o
 .debug_macinfo
                0x0002430a     0x4bcc ./src/timer.o
 .debug_macinfo
                0x00028ed6     0x4bcc ./src/utils.o

.debug_loc      0x00000000      0x764
 .debug_loc     0x00000000       0x84 ./src/D8Led.o
 .debug_loc     0x00000084       0x2c ./src/button.o
 .debug_loc     0x000000b0      0x134 ./src/gpio.o
 .debug_loc     0x000001e4      0x134 ./src/intcontroller.o
 .debug_loc     0x00000318       0x2c ./src/keyboard.o
 .debug_loc     0x00000344      0x18c ./src/leds.o
 .debug_loc     0x000004d0      0x108 ./src/main.o
 .debug_loc     0x000005d8      0x160 ./src/timer.o
 .debug_loc     0x00000738       0x2c ./src/utils.o

.debug_pubnames
                0x00000000      0x32c
 .debug_pubnames
                0x00000000       0x43 ./src/D8Led.o
 .debug_pubnames
                0x00000043       0x22 ./src/button.o
 .debug_pubnames
                0x00000065       0x86 ./src/gpio.o
 .debug_pubnames
                0x000000eb       0x7d ./src/intcontroller.o
 .debug_pubnames
                0x00000168       0x1e ./src/keyboard.o
 .debug_pubnames
                0x00000186       0x93 ./src/leds.o
 .debug_pubnames
                0x00000219       0x5c ./src/main.o
 .debug_pubnames
                0x00000275       0x9b ./src/timer.o
 .debug_pubnames
                0x00000310       0x1c ./src/utils.o

.debug_pubtypes
                0x00000000      0x1b5
 .debug_pubtypes
                0x00000000       0x12 ./src/D8Led.o
 .debug_pubtypes
                0x00000012       0x1e ./src/button.o
 .debug_pubtypes
                0x00000030       0x43 ./src/gpio.o
 .debug_pubtypes
                0x00000073       0x43 ./src/intcontroller.o
 .debug_pubtypes
                0x000000b6       0x12 ./src/keyboard.o
 .debug_pubtypes
                0x000000c8       0x2c ./src/leds.o
 .debug_pubtypes
                0x000000f4       0x76 ./src/main.o
 .debug_pubtypes
                0x0000016a       0x39 ./src/timer.o
 .debug_pubtypes
                0x000001a3       0x12 ./src/utils.o

.debug_aranges  0x00000000      0x140
 .debug_aranges
                0x00000000       0x20 ./src/D8Led.o
 .debug_aranges
                0x00000020       0x20 ./src/button.o
 .debug_aranges
                0x00000040       0x20 ./src/gpio.o
 .debug_aranges
                0x00000060       0x20 ./src/init.o
 .debug_aranges
                0x00000080       0x20 ./src/intcontroller.o
 .debug_aranges
                0x000000a0       0x20 ./src/keyboard.o
 .debug_aranges
                0x000000c0       0x20 ./src/leds.o
 .debug_aranges
                0x000000e0       0x20 ./src/main.o
 .debug_aranges
                0x00000100       0x20 ./src/timer.o
 .debug_aranges
                0x00000120       0x20 ./src/utils.o

.debug_str      0x00000000      0x566
 .debug_str     0x00000000       0x77 ./src/D8Led.o
                                 0x84 (size before relaxing)
 .debug_str     0x00000077       0x2c ./src/button.o
                                 0x6b (size before relaxing)
 .debug_str     0x000000a3       0xbf ./src/gpio.o
                                0x10a (size before relaxing)
 .debug_str     0x00000162      0x194 ./src/intcontroller.o
                                0x1f3 (size before relaxing)
 .debug_str     0x000002f6       0x41 ./src/keyboard.o
                                 0x86 (size before relaxing)
 .debug_str     0x00000337       0x77 ./src/leds.o
                                 0xe8 (size before relaxing)
 .debug_str     0x000003ae       0xc6 ./src/main.o
                                0x2fa (size before relaxing)
 .debug_str     0x00000474       0xc2 ./src/timer.o
                                0x139 (size before relaxing)
 .debug_str     0x00000536       0x30 ./src/utils.o
                                 0x5d (size before relaxing)

.comment        0x00000000       0x2a
 .comment       0x00000000       0x2a ./src/D8Led.o
                                 0x2b (size before relaxing)
 .comment       0x00000000       0x2b ./src/button.o
 .comment       0x00000000       0x2b ./src/gpio.o
 .comment       0x00000000       0x2b ./src/intcontroller.o
 .comment       0x00000000       0x2b ./src/keyboard.o
 .comment       0x00000000       0x2b ./src/leds.o
 .comment       0x00000000       0x2b ./src/main.o
 .comment       0x00000000       0x2b ./src/timer.o
 .comment       0x00000000       0x2b ./src/utils.o

.ARM.attributes
                0x00000000       0x30
 .ARM.attributes
                0x00000000       0x32 ./src/D8Led.o
 .ARM.attributes
                0x00000032       0x32 ./src/button.o
 .ARM.attributes
                0x00000064       0x32 ./src/gpio.o
 .ARM.attributes
                0x00000096       0x22 ./src/init.o
 .ARM.attributes
                0x000000b8       0x32 ./src/intcontroller.o
 .ARM.attributes
                0x000000ea       0x32 ./src/keyboard.o
 .ARM.attributes
                0x0000011c       0x32 ./src/leds.o
 .ARM.attributes
                0x0000014e       0x32 ./src/main.o
 .ARM.attributes
                0x00000180       0x32 ./src/timer.o
 .ARM.attributes
                0x000001b2       0x32 ./src/utils.o
 .ARM.attributes
                0x000001e4       0x1a d:/eclipsearm/eclipsearm/sourcery-g++-lite-arm-2011.03/bin/../lib/gcc/arm-none-eabi/4.5.2\libgcc.a(_divsi3.o)
 .ARM.attributes
                0x000001fe       0x18 d:/eclipsearm/eclipsearm/sourcery-g++-lite-arm-2011.03/bin/../lib/gcc/arm-none-eabi/4.5.2\libgcc.a(_dvmd_tls.o)

.debug_frame    0x00000000      0x638
 .debug_frame   0x00000000       0x70 ./src/D8Led.o
 .debug_frame   0x00000070       0x30 ./src/button.o
 .debug_frame   0x000000a0       0xf0 ./src/gpio.o
 .debug_frame   0x00000190       0xf0 ./src/intcontroller.o
 .debug_frame   0x00000280       0x34 ./src/keyboard.o
 .debug_frame   0x000002b4      0x130 ./src/leds.o
 .debug_frame   0x000003e4       0xf4 ./src/main.o
 .debug_frame   0x000004d8      0x110 ./src/timer.o
 .debug_frame   0x000005e8       0x30 ./src/utils.o
 .debug_frame   0x00000618       0x20 d:/eclipsearm/eclipsearm/sourcery-g++-lite-arm-2011.03/bin/../lib/gcc/arm-none-eabi/4.5.2\libgcc.a(_divsi3.o)
